---
source: crates/vim9-gen/src/lib.rs
assertion_line: 1881
expression: "generate(contents, ParserOpts\n{ mode : ParserMode :: Standalone, }).unwrap().lua"
---
----------------------------------------
-- This file is generated via github.com/tjdevries/vim9jit
-- For any bugs, please first consider reporting there.
----------------------------------------

-- Ignore "value assigned to a local variable is unused" because
--  we can't guarantee that local variables will be used by plugins
-- luacheck: ignore
--- @diagnostic disable

local vim9 = require('_vim9script')
local M = {}
local MyCoolFunc = nil
local x = nil
-- vim9script

MyCoolFunc = function()
  return 5
end

x = vim9.ops.Plus(MyCoolFunc(), 1)
return M

