---
source: crates/vim9-gen/src/lib.rs
assertion_line: 1882
expression: "generate(contents, ParserOpts\n{ mode : ParserMode :: Standalone, }).unwrap().lua"
---
----------------------------------------
-- This file is generated via github.com/tjdevries/vim9jit
-- For any bugs, please first consider reporting there.
----------------------------------------

-- Ignore "value assigned to a local variable is unused" because
--  we can't guarantee that local variables will be used by plugins
-- luacheck: ignore 311
--- @diagnostic disable

local vim9 = require('_vim9script')
local M = {}
local x = nil
-- vim9script

vim.api.nvim_create_augroup('matchparen', { clear = false })

vim.api.nvim_create_autocmd({ 'CursorMoved', 'CursorMovedI', 'WinEnter' }, {
  group = 'matchparen',
  callback = function()
    print('Block')
  end,
})

vim.api.nvim_create_autocmd({ 'WinLeave' }, {
  group = 'matchparen',
  callback = function()
    print('Command')
  end,
})

x = vim9.fn.len(vim.api.nvim_get_autocmds({ ['group'] = 'matchparen' }))
return M

