---
source: crates/vim9-gen/src/lib.rs
assertion_line: 1879
expression: "generate(contents, ParserOpts\n{ mode : ParserMode :: Standalone, }).unwrap().lua"
---
----------------------------------------
-- This file is generated via github.com/tjdevries/vim9jit
-- For any bugs, please first consider reporting there.
----------------------------------------

-- Ignore "value assigned to a local variable is unused" because
--  we can't guarantee that local variables will be used by plugins
-- luacheck: ignore 311
--- @diagnostic disable

local vim9 = require('_vim9script')
local M = {}
local x = nil
-- vim9script

x = true
if vim9.bool(x) then
  print(x)
end
return M

